================================================================
== Design Size Report
================================================================

* Instructions per Function for each Compilation Phase
+--------------------------------------+------------------------+------------------+-----------------+----------------------+-----------------+
| Function                             | Location               | Compile/Link     | Unroll/Inline   | Performance/Pipeline | Optimizations   |
+--------------------------------------+------------------------+------------------+-----------------+----------------------+-----------------+
| + kernel0                            | kernel_kernel.cpp:1180 | 37,334           | 4,116           | 1,878                | 2,702           |
|    A_IO_L3_in_serialize              | kernel_kernel.cpp:33   |    136           |    15           |    10                |    18           |
|    A_IO_L3_in                        | kernel_kernel.cpp:3    |    491           |    45           |    28                |    49           |
|  + A_IO_L2_in                        | kernel_kernel.cpp:156  |  4,440           |   544           |   218                |   307           |
|     A_IO_L2_in_inter_trans           | kernel_kernel.cpp:89   |    830 (2 calls) |    80 (2 calls) |    46 (2 calls)      |    86 (2 calls) |
|     A_IO_L2_in_intra_trans           | kernel_kernel.cpp:48   |  3,180 (4 calls) |   380 (4 calls) |   135 (3 calls)      |   177 (3 calls) |
|  + A_IO_L2_in_boundary               | kernel_kernel.cpp:253  |  4,154           |   522           |   190                |   253           |
|     A_IO_L2_in_inter_trans_bound...  | kernel_kernel.cpp:129  |    544 (2 calls) |    58 (2 calls) |    18 (2 calls)      |    32 (2 calls) |
|     A_IO_L2_in_intra_trans           | kernel_kernel.cpp:48   |  3,180 (4 calls) |   380 (4 calls) |   135 (3 calls)      |   177 (3 calls) |
|    B_IO_L3_in_serialize              | kernel_kernel.cpp:378  |    136           |    15           |    10                |    18           |
|    B_IO_L3_in                        | kernel_kernel.cpp:348  |    491           |    45           |    28                |    49           |
|  + B_IO_L2_in                        | kernel_kernel.cpp:501  |  4,440           |   544           |   218                |   307           |
|     B_IO_L2_in_inter_trans           | kernel_kernel.cpp:434  |    830 (2 calls) |    80 (2 calls) |    46 (2 calls)      |    86 (2 calls) |
|     B_IO_L2_in_intra_trans           | kernel_kernel.cpp:393  |  3,180 (4 calls) |   380 (4 calls) |   135 (3 calls)      |   177 (3 calls) |
|  + B_IO_L2_in_boundary               | kernel_kernel.cpp:598  |  4,154           |   522           |   190                |   253           |
|     B_IO_L2_in_inter_trans_bound...  | kernel_kernel.cpp:474  |    544 (2 calls) |    58 (2 calls) |    18 (2 calls)      |    32 (2 calls) |
|     B_IO_L2_in_intra_trans           | kernel_kernel.cpp:393  |  3,180 (4 calls) |   380 (4 calls) |   135 (3 calls)      |   177 (3 calls) |
|  + PE_wrapper                        | kernel_kernel.cpp:771  |  6,592 (4 calls) |   592 (4 calls) |   264 (4 calls)      |   388 (4 calls) |
|     PE                               | kernel_kernel.cpp:693  |  6,584 (4 calls) |   584 (4 calls) |   256 (4 calls)      |   380 (4 calls) |
|    A_PE_dummy_in                     | kernel_kernel.cpp:785  |  1,116 (2 calls) |   104 (2 calls) |    64 (2 calls)      |   104 (2 calls) |
|    B_PE_dummy_in                     | kernel_kernel.cpp:811  |  1,116 (2 calls) |   104 (2 calls) |    64 (2 calls)      |   104 (2 calls) |
|  + C_drain_IO_L1_out_boundary_w...   | kernel_kernel.cpp:1026 |  3,182 (2 calls) |   264 (2 calls) |   142 (2 calls)      |   180 (2 calls) |
|   + C_drain_IO_L1_out_boundary       | kernel_kernel.cpp:992  |  3,178 (2 calls) |                 |                      |                 |
|      C_drain_IO_L1_out_intra_tran... | kernel_kernel.cpp:837  |  2,012 (2 calls) |                 |                      |                 |
|      C_drain_IO_L1_out_inter_tran... | kernel_kernel.cpp:918  |    686 (2 calls) |                 |                      |                 |
|  + C_drain_IO_L1_out_wrapper         | kernel_kernel.cpp:980  |  3,642 (2 calls) |   304 (2 calls) |   178 (2 calls)      |   256 (2 calls) |
|   + C_drain_IO_L1_out                | kernel_kernel.cpp:945  |  3,638 (2 calls) |   300 (2 calls) |   174 (2 calls)      |   252 (2 calls) |
|      C_drain_IO_L1_out_intra_tran... | kernel_kernel.cpp:837  |  2,012 (2 calls) |                 |                      |                 |
|      C_drain_IO_L1_out_inter_tran... | kernel_kernel.cpp:876  |  1,146 (2 calls) |                 |                      |                 |
|    C_drain_IO_L2_out_boundary        | kernel_kernel.cpp:1090 |    608           |    56           |    28                |    49           |
|    C_drain_IO_L2_out                 | kernel_kernel.cpp:1037 |    925           |    83           |    52                |    92           |
|    C_drain_IO_L3_out                 | kernel_kernel.cpp:1125 |    578           |    53           |    33                |    57           |
|    C_drain_IO_L3_out_serialize       | kernel_kernel.cpp:1159 |    614           |    43           |    16                |    31           |
+--------------------------------------+------------------------+------------------+-----------------+----------------------+-----------------+

* Description of Compilation Phases
+----------------------+------------------------------------------------------------+
| Compilation Phase    | Description                                                |
+----------------------+------------------------------------------------------------+
| Compile/Link         | All functions are compiled and linked into a single design |
| Unroll/Inline        | After user unroll and inline pragmas are applied           |
| Performance/Pipeline | After performance and pipeline pragmas are applied         |
| Optimizations        | After high level synthesis optimizations                   |
+----------------------+------------------------------------------------------------+

* Design Size Message Settings
+---------------------------------------------+--------+------------------------------------------------------------------+
| Message Setting                             | Value  | Description                                                      |
+---------------------------------------------+--------+------------------------------------------------------------------+
| config_compile -design_size_maximum_warning | 100000 | Show a warning when total design instructions exceeds this value |
+---------------------------------------------+--------+------------------------------------------------------------------+


